(Module [(FunctionDef test_Dict ([] [] [] [] [] [] []) [(AnnAssign (Name x Store) (Subscript (Name dict Load) (Tuple [(Name i32 Load) (Name i32 Load)] Load) Load) () 1) (Assign [(Name x Store)] (Dict [(ConstantInt 1 ()) (ConstantInt 3 ())] [(ConstantInt 2 ()) (ConstantInt 4 ())]) ()) (AnnAssign (Name y Store) (Subscript (Name dict Load) (Tuple [(Name str Load) (Name i32 Load)] Load) Load) () 1) (Assign [(Name y Store)] (Dict [(ConstantStr "a" ()) (ConstantStr "b" ())] [(UnaryOp USub (ConstantInt 1 ())) (UnaryOp USub (ConstantInt 2 ()))]) ()) (AnnAssign (Name z Store) (Name i32 Load) () 1) (Assign [(Name z Store)] (Subscript (Name y Load) (ConstantStr "a" ()) Load) ()) (Assign [(Name z Store)] (Subscript (Name y Load) (ConstantStr "b" ()) Load) ()) (Assign [(Name z Store)] (Subscript (Name x Load) (ConstantInt 1 ()) Load) ())] [] () ())] [])
